{
  "duracao_v3_s": 348.4,
  "duracao_v4_s": 173.067,
  "blocos": [
    {
      "bloco": "enunciado_conflito",
      "inicio_s": 0.0,
      "fim_s": 11.4,
      "duracao_v3_s": 14.4,
      "duracao_v4_s": 11.4,
      "economia_s": 3.0
    },
    {
      "bloco": "Gauss",
      "inicio_s": 11.4,
      "fim_s": 42.133,
      "duracao_v3_s": 53.133,
      "duracao_v4_s": 30.733,
      "economia_s": 22.4
    },
    {
      "bloco": "forca_eletrica",
      "inicio_s": 42.133,
      "fim_s": 52.067,
      "duracao_v3_s": 24.067,
      "duracao_v4_s": 9.934,
      "economia_s": 14.133
    },
    {
      "bloco": "superficie_curva",
      "inicio_s": 52.067,
      "fim_s": 57.933,
      "duracao_v3_s": 13.667,
      "duracao_v4_s": 5.866,
      "economia_s": 7.801
    },
    {
      "bloco": "Ampere",
      "inicio_s": 57.933,
      "fim_s": 75.6,
      "duracao_v3_s": 34.666,
      "duracao_v4_s": 17.667,
      "economia_s": 16.999
    },
    {
      "bloco": "mao_direita_forca_magnetica",
      "inicio_s": 75.6,
      "fim_s": 95.4,
      "duracao_v3_s": 38.467,
      "duracao_v4_s": 19.8,
      "economia_s": 18.667
    },
    {
      "bloco": "igualdade_payoff_c",
      "inicio_s": 95.4,
      "fim_s": 113.6,
      "duracao_v3_s": 34.0,
      "duracao_v4_s": 18.2,
      "economia_s": 15.8
    },
    {
      "bloco": "corrente_payoff_v",
      "inicio_s": 113.6,
      "fim_s": 130.867,
      "duracao_v3_s": 53.4,
      "duracao_v4_s": 17.267,
      "economia_s": 36.133
    },
    {
      "bloco": "derivacao_razao",
      "inicio_s": 130.867,
      "fim_s": 142.733,
      "duracao_v3_s": 34.667,
      "duracao_v4_s": 11.866,
      "economia_s": 22.801
    },
    {
      "bloco": "grafico",
      "inicio_s": 142.733,
      "fim_s": 164.933,
      "duracao_v3_s": 28.666,
      "duracao_v4_s": 22.2,
      "economia_s": 6.466
    },
    {
      "bloco": "conclusao",
      "inicio_s": 164.933,
      "fim_s": 173.067,
      "duracao_v3_s": 19.267,
      "duracao_v4_s": 8.134,
      "economia_s": 11.133
    }
  ]
}
